
  vinext build  (Vite 8.0.13)

[1/5] analyze client references...
[2Ktransforming...✓ 299 modules transformed.
rendering chunks...
✓ built in 935ms
[2/5] analyze server references...
[2Ktransforming...✓ 587 modules transformed.
rendering chunks...
✓ built in 1.97s
[3/5] build rsc environment...
[2Ktransforming...✓ 296 modules transformed.
rendering chunks...
computing gzip size...
✓ built in 704ms
[4/5] build client environment...
[2Ktransforming...✓ 2432 modules transformed.
rendering chunks...
computing gzip size...
[plugin builtin:vite-reporter] 
(!) Some chunks are larger than 500 kB after minification. Consider:
- Using dynamic import() to code-split the application
- Use build.rolldownOptions.output.codeSplitting to improve chunking: https://rolldown.rs/reference/OutputOptions.codeSplitting
- Adjust chunk size limit for this warning via build.chunkSizeWarningLimit.
✓ built in 3.01s
[5/5] build ssr environment...
[2Ktransforming...✓ 712 modules transformed.
rendering chunks...
computing gzip size...
✓ built in 1.27s
[0m
  Route (app)
  ┌ ? /          
  ├ λ /api/:path+
  ├ ? /guidelines
  ├ ƒ /m/:slug   
  ├ ? /pilot     
  ├ ƒ /pricing   
  ├ ? /privacy   
  └ ƒ /s/:token  

  λ API  ƒ Dynamic  ? Unknown

  ? Some routes could not be classified. vinext currently uses static analysis
    and cannot detect dynamic API usage (headers(), cookies(), etc.) at build time.
    Automatic classification will be improved in a future release.

  Build complete. Run `vinext start` to start the production server.

