
  vinext build  (Vite 8.0.13)

[1/5] analyze client references...
[2Ktransforming...✓ 299 modules transformed.
rendering chunks...
✓ built in 1.20s
[2/5] analyze server references...
[2Ktransforming...✓ 589 modules transformed.
rendering chunks...
✓ built in 2.24s
[3/5] build rsc environment...
[2Ktransforming...✓ 296 modules transformed.
rendering chunks...
computing gzip size...
✓ built in 715ms
[4/5] build client environment...
[2Ktransforming...✓ 2434 modules transformed.
rendering chunks...
computing gzip size...
[plugin builtin:vite-reporter] 
(!) Some chunks are larger than 500 kB after minification. Consider:
- Using dynamic import() to code-split the application
- Use build.rolldownOptions.output.codeSplitting to improve chunking: https://rolldown.rs/reference/OutputOptions.codeSplitting
- Adjust chunk size limit for this warning via build.chunkSizeWarningLimit.
[33m[PLUGIN_TIMINGS] [0mYour build spent significant time in plugins. Here is a breakdown:
  - vinext:middleware-server-only (36%)
  - vinext:jsx-in-js (11%)
  - vinext:css-data-url (11%)
  - rsc:scan-strip (9%)
  - rsc:virtual-client-package (9%)
See https://rolldown.rs/options/checks#plugintimings for more details.

✓ built in 3.20s
[5/5] build ssr environment...
[2Ktransforming...✓ 714 modules transformed.
rendering chunks...
computing gzip size...
✓ built in 1.43s
[0m
  Route (app)
  ┌ ? /          
  ├ λ /api/:path+
  ├ ? /guidelines
  ├ ƒ /m/:slug   
  ├ ? /pilot     
  ├ ƒ /pricing   
  ├ ? /privacy   
  └ ƒ /s/:token  

  λ API  ƒ Dynamic  ? Unknown

  ? Some routes could not be classified. vinext currently uses static analysis
    and cannot detect dynamic API usage (headers(), cookies(), etc.) at build time.
    Automatic classification will be improved in a future release.

  Build complete. Run `vinext start` to start the production server.

